// Jest Snapshot v1, https://goo.gl/fbAQLP

exports[`renders homepage unchanged 1`] = `
<div>
  <div
    class=""
  >
    <div
      class="w-full bg-gradient-to-r from-[#0f0c29] via-[#302b63] to-[#24243e] text-white font-poppins overflow-x-hidden"
    >
      <div
        class="w-full flex min-h-[10vh] items-center "
      >
        <h1
          class="px-[4rem] font-bold text-[1.5rem]"
        >
          Librarium
        </h1>
      </div>
      <div
        class="w-full flex flex-wrap items-center justify-around min-h-[90vh] bg-gradient-to-r from-[#0f0c29] via-[#302b63] to-[#24243e] lg:flex-col text-white font-poppins"
      >
        <div
          class="flex flex-col md:items-center md:text-center md:px-[2rem]"
          style="transform: translateX(100px) translateZ(0);"
        >
          <h3
            class="text-[2rem]"
          >
            Library
          </h3>
          <p
            class="py-[2rem]"
          >
            Discover best movies and games that you need to live a peaceful and better life.
          </p>
          <p>
            Please sign in or make an account to habe all the benefits that we offer.
          </p>
          <p
            class="border-white border-[1px] w-[15%] flex justify-center py-[0.3rem] rounded-[0.3rem] mt-[2rem] cursor-pointer"
          >
            Sign In
          </p>
        </div>
        <div
          class="w-[450px] min-h-[100px] md:w-[200px]"
          style="opacity: 0;"
        >
          <span
            style="box-sizing: border-box; display: inline-block; overflow: hidden; background: none; opacity: 1; border: 0px; margin: 0px; padding: 0px; position: relative; max-width: 100%;"
          >
            <span
              style="box-sizing: border-box; display: block; background: none; opacity: 1; border: 0px; margin: 0px; padding: 0px; max-width: 100%;"
            >
              <img
                alt=""
                aria-hidden="true"
                src="data:image/svg+xml,%3csvg%20xmlns=%27http://www.w3.org/2000/svg%27%20version=%271.1%27%20width=%2724%27%20height=%2724%27/%3e"
                style="display: block; max-width: 100%; background: none; opacity: 1; border: 0px; margin: 0px; padding: 0px;"
              />
            </span>
            <img
              data-nimg="intrinsic"
              decoding="async"
              src="data:image/gif;base64,R0lGODlhAQABAIAAAAAAAP///yH5BAEAAAAALAAAAAABAAEAAAIBRAA7"
              style="position: absolute; top: 0px; left: 0px; bottom: 0px; right: 0px; box-sizing: border-box; padding: 0px; margin: auto; display: block; width: 0px; height: 0px; min-width: 100%; max-width: 100%; min-height: 100%; max-height: 100%;"
            />
            <noscript />
          </span>
        </div>
      </div>
      <div
        class="w-full flex flex-wrap items-center justify-around min-h-[90vh] bg-gradient-to-r from-[#0f0c29] via-[#302b63] to-[#24243e] lg:flex-col text-white font-poppins"
      >
        <div
          class="w-[450px] min-h-[100px] md:w-[200px] lg:order-2"
          style="opacity: 0;"
        >
          <span
            style="box-sizing: border-box; display: inline-block; overflow: hidden; background: none; opacity: 1; border: 0px; margin: 0px; padding: 0px; position: relative; max-width: 100%;"
          >
            <span
              style="box-sizing: border-box; display: block; background: none; opacity: 1; border: 0px; margin: 0px; padding: 0px; max-width: 100%;"
            >
              <img
                alt=""
                aria-hidden="true"
                src="data:image/svg+xml,%3csvg%20xmlns=%27http://www.w3.org/2000/svg%27%20version=%271.1%27%20width=%2724%27%20height=%2724%27/%3e"
                style="display: block; max-width: 100%; background: none; opacity: 1; border: 0px; margin: 0px; padding: 0px;"
              />
            </span>
            <img
              data-nimg="intrinsic"
              decoding="async"
              src="data:image/gif;base64,R0lGODlhAQABAIAAAAAAAP///yH5BAEAAAAALAAAAAABAAEAAAIBRAA7"
              style="position: absolute; top: 0px; left: 0px; bottom: 0px; right: 0px; box-sizing: border-box; padding: 0px; margin: auto; display: block; width: 0px; height: 0px; min-width: 100%; max-width: 100%; min-height: 100%; max-height: 100%;"
            />
            <noscript />
          </span>
        </div>
        <div
          class="flex flex-col md:items-center md:text-center md:px-[2rem]"
          style="transform: translateX(100px) translateZ(0);"
        >
          <h3
            class="text-[2rem]"
          >
            Organised
          </h3>
          <p
            class="py-[2rem]"
          >
            Here you will find games and movies in a well structured way, such that you can find very fast your wanted product. 
          </p>
        </div>
      </div>
      <div
        class="min-h-[10vh] w-full bg-black text-white flex items-center justify-around"
      >
        <p>
          Made by Iustin Morosanu
        </p>
        <p>
          Â©2022
        </p>
      </div>
    </div>
  </div>
</div>
`;
